// Jest Snapshot v1, https://goo.gl/fbAQLP

exports[`AdminDashboard visual regression shows stat cards and matches snapshot 1`] = `
<DocumentFragment>
  <div
    class="container"
  >
    <div
      class="dashboard-header mb-24"
    >
      <h1>
        Welcome back, Admin!
      </h1>
      <p
        class="subtitle"
      >
        Quick overview and controls to manage the platform
      </p>
    </div>
    <div
      class="grid-12 mb-24"
    >
      <div
        class="col-span-3"
      >
        <div
          aria-label="Total Teams statistic"
          class="card stat-card"
          role="region"
        >
          <h4
            class="section-title"
            style="margin-bottom: 8px;"
          >
            Total Teams
          </h4>
          <div
            style="font-size: 2rem; font-weight: 800; color: rgb(15, 23, 42);"
          >
            0
          </div>
          <div
            style="color: rgb(100, 116, 139); font-size: 13px;"
          >
            Active teams in system
          </div>
        </div>
      </div>
      <div
        class="col-span-3"
      >
        <div
          aria-label="Active Games statistic"
          class="card stat-card"
          role="region"
        >
          <h4
            class="section-title"
            style="margin-bottom: 8px;"
          >
            Active Games
          </h4>
          <div
            style="font-size: 2rem; font-weight: 800; color: rgb(15, 23, 42);"
          >
            0
          </div>
          <div
            style="color: rgb(100, 116, 139); font-size: 13px;"
          >
            Currently published quizzes
          </div>
        </div>
      </div>
      <div
        class="col-span-3"
      >
        <div
          aria-label="Completed statistic"
          class="card stat-card"
          role="region"
        >
          <h4
            class="section-title"
            style="margin-bottom: 8px;"
          >
            Completed
          </h4>
          <div
            style="font-size: 2rem; font-weight: 800; color: rgb(15, 23, 42);"
          >
            0
          </div>
          <div
            style="color: rgb(100, 116, 139); font-size: 13px;"
          >
            Total quiz submissions
          </div>
        </div>
      </div>
      <div
        class="col-span-3"
      >
        <div
          aria-label="Avg Score statistic"
          class="card stat-card"
          role="region"
        >
          <h4
            class="section-title"
            style="margin-bottom: 8px;"
          >
            Avg Score
          </h4>
          <div
            style="font-size: 2rem; font-weight: 800; color: rgb(15, 23, 42);"
          >
            0%
          </div>
          <div
            style="color: rgb(100, 116, 139); font-size: 13px;"
          >
            Overall performance
          </div>
        </div>
      </div>
    </div>
    <div
      class="card mb-24"
    >
      <h2
        class="section-title mb-16"
      >
        🚀 Quick Actions
      </h2>
      <div
        class="grid-12"
      >
        <div
          class="col-span-3"
        >
          <a
            aria-label="Manage Teams. Create and organize teams"
            class="card"
            href="/teams"
            style="text-decoration: none;"
          >
            <div
              style="display: flex; align-items: center; gap: 8px; margin-bottom: 8px;"
            >
              <span
                style="font-size: 1.5rem;"
              >
                👥
              </span>
              <h3
                class="section-title"
                style="margin: 0px;"
              >
                Manage Teams
              </h3>
            </div>
            <p
              style="color: rgb(100, 116, 139); font-size: 14px;"
            >
              Create and organize teams
            </p>
          </a>
        </div>
        <div
          class="col-span-3"
        >
          <a
            aria-label="Create Quiz. Design new challenges"
            class="card"
            href="/quiz-creator"
            style="text-decoration: none;"
          >
            <div
              style="display: flex; align-items: center; gap: 8px; margin-bottom: 8px;"
            >
              <span
                style="font-size: 1.5rem;"
              >
                ➕
              </span>
              <h3
                class="section-title"
                style="margin: 0px;"
              >
                Create Quiz
              </h3>
            </div>
            <p
              style="color: rgb(100, 116, 139); font-size: 14px;"
            >
              Design new challenges
            </p>
          </a>
        </div>
        <div
          class="col-span-3"
        >
          <a
            aria-label="Quiz List. Manage quizzes and results"
            class="card"
            href="/quiz-list"
            style="text-decoration: none;"
          >
            <div
              style="display: flex; align-items: center; gap: 8px; margin-bottom: 8px;"
            >
              <span
                style="font-size: 1.5rem;"
              >
                📋
              </span>
              <h3
                class="section-title"
                style="margin: 0px;"
              >
                Quiz List
              </h3>
            </div>
            <p
              style="color: rgb(100, 116, 139); font-size: 14px;"
            >
              Manage quizzes and results
            </p>
          </a>
        </div>
        <div
          class="col-span-3"
        >
          <a
            aria-label="Settings. Configure system settings"
            class="card"
            href="/settings"
            style="text-decoration: none;"
          >
            <div
              style="display: flex; align-items: center; gap: 8px; margin-bottom: 8px;"
            >
              <span
                style="font-size: 1.5rem;"
              >
                ⚙️
              </span>
              <h3
                class="section-title"
                style="margin: 0px;"
              >
                Settings
              </h3>
            </div>
            <p
              style="color: rgb(100, 116, 139); font-size: 14px;"
            >
              Configure system settings
            </p>
          </a>
        </div>
      </div>
    </div>
    <div
      aria-label="Admin Controls Panel"
      class="card mb-24"
    >
      <h2
        class="section-title"
        style="color: rgb(220, 38, 38); margin-bottom: 16px;"
      >
        🔒 Admin Controls
      </h2>
      <div
        class="grid-12 mb-16"
      >
        <div
          class="col-span-4"
        >
          <a
            aria-label="Admin Panel. System administration"
            class="card"
            href="/admin"
            style="text-decoration: none;"
          >
            <div
              style="display: flex; align-items: center; gap: 8px; margin-bottom: 8px;"
            >
              <span
                style="font-size: 1.5rem;"
              >
                ⚡
              </span>
              <h3
                class="section-title"
                style="margin: 0px;"
              >
                Admin Panel
              </h3>
            </div>
            <p
              style="color: rgb(100, 116, 139); font-size: 14px;"
            >
              System administration
            </p>
          </a>
        </div>
        <div
          class="col-span-4"
        >
          <a
            aria-label="Build Quiz. Create and edit quizzes"
            class="card"
            href="/quiz-creator"
            style="text-decoration: none;"
          >
            <div
              style="display: flex; align-items: center; gap: 8px; margin-bottom: 8px;"
            >
              <span
                style="font-size: 1.5rem;"
              >
                🛠️
              </span>
              <h3
                class="section-title"
                style="margin: 0px;"
              >
                Build Quiz
              </h3>
            </div>
            <p
              style="color: rgb(100, 116, 139); font-size: 14px;"
            >
              Create and edit quizzes
            </p>
          </a>
        </div>
        <div
          class="col-span-4"
        >
          <a
            aria-label="App Settings. Manage global configuration"
            class="card"
            href="/settings"
            style="text-decoration: none;"
          >
            <div
              style="display: flex; align-items: center; gap: 8px; margin-bottom: 8px;"
            >
              <span
                style="font-size: 1.5rem;"
              >
                🧩
              </span>
              <h3
                class="section-title"
                style="margin: 0px;"
              >
                App Settings
              </h3>
            </div>
            <p
              style="color: rgb(100, 116, 139); font-size: 14px;"
            >
              Manage global configuration
            </p>
          </a>
        </div>
      </div>
      <div
        aria-label="Teams Management"
        class="card"
        role="region"
      >
        <h3
          class="section-title mb-16"
        >
          Teams
        </h3>
        <p
          style="color: rgb(100, 116, 139);"
        >
          No teams found
        </p>
      </div>
    </div>
  </div>
</DocumentFragment>
`;

exports[`AdminDashboard visual regression shows stat cards and matches snapshot 2`] = `
<DocumentFragment>
  <div
    class="container"
  >
    <div
      class="dashboard-header mb-24"
    >
      <h1>
        Welcome back, Admin!
      </h1>
      <p
        class="subtitle"
      >
        Quick overview and controls to manage the platform
      </p>
    </div>
    <div
      class="grid-12 mb-24"
    >
      <div
        class="col-span-3"
      >
        <div
          aria-label="Total Teams statistic"
          class="card stat-card"
          role="region"
        >
          <h4
            class="section-title"
            style="margin-bottom: 8px;"
          >
            Total Teams
          </h4>
          <div
            style="font-size: 2rem; font-weight: 800; color: rgb(15, 23, 42);"
          >
            0
          </div>
          <div
            style="color: rgb(100, 116, 139); font-size: 13px;"
          >
            Active teams in system
          </div>
        </div>
      </div>
      <div
        class="col-span-3"
      >
        <div
          aria-label="Active Games statistic"
          class="card stat-card"
          role="region"
        >
          <h4
            class="section-title"
            style="margin-bottom: 8px;"
          >
            Active Games
          </h4>
          <div
            style="font-size: 2rem; font-weight: 800; color: rgb(15, 23, 42);"
          >
            0
          </div>
          <div
            style="color: rgb(100, 116, 139); font-size: 13px;"
          >
            Currently published quizzes
          </div>
        </div>
      </div>
      <div
        class="col-span-3"
      >
        <div
          aria-label="Completed statistic"
          class="card stat-card"
          role="region"
        >
          <h4
            class="section-title"
            style="margin-bottom: 8px;"
          >
            Completed
          </h4>
          <div
            style="font-size: 2rem; font-weight: 800; color: rgb(15, 23, 42);"
          >
            0
          </div>
          <div
            style="color: rgb(100, 116, 139); font-size: 13px;"
          >
            Total quiz submissions
          </div>
        </div>
      </div>
      <div
        class="col-span-3"
      >
        <div
          aria-label="Avg Score statistic"
          class="card stat-card"
          role="region"
        >
          <h4
            class="section-title"
            style="margin-bottom: 8px;"
          >
            Avg Score
          </h4>
          <div
            style="font-size: 2rem; font-weight: 800; color: rgb(15, 23, 42);"
          >
            0%
          </div>
          <div
            style="color: rgb(100, 116, 139); font-size: 13px;"
          >
            Overall performance
          </div>
        </div>
      </div>
    </div>
    <div
      class="card mb-24"
    >
      <h2
        class="section-title mb-16"
      >
        🚀 Quick Actions
      </h2>
      <div
        class="grid-12"
      >
        <div
          class="col-span-3"
        >
          <a
            aria-label="Manage Teams. Create and organize teams"
            class="card"
            href="/teams"
            style="text-decoration: none;"
          >
            <div
              style="display: flex; align-items: center; gap: 8px; margin-bottom: 8px;"
            >
              <span
                style="font-size: 1.5rem;"
              >
                👥
              </span>
              <h3
                class="section-title"
                style="margin: 0px;"
              >
                Manage Teams
              </h3>
            </div>
            <p
              style="color: rgb(100, 116, 139); font-size: 14px;"
            >
              Create and organize teams
            </p>
          </a>
        </div>
        <div
          class="col-span-3"
        >
          <a
            aria-label="Create Quiz. Design new challenges"
            class="card"
            href="/quiz-creator"
            style="text-decoration: none;"
          >
            <div
              style="display: flex; align-items: center; gap: 8px; margin-bottom: 8px;"
            >
              <span
                style="font-size: 1.5rem;"
              >
                ➕
              </span>
              <h3
                class="section-title"
                style="margin: 0px;"
              >
                Create Quiz
              </h3>
            </div>
            <p
              style="color: rgb(100, 116, 139); font-size: 14px;"
            >
              Design new challenges
            </p>
          </a>
        </div>
        <div
          class="col-span-3"
        >
          <a
            aria-label="Quiz List. Manage quizzes and results"
            class="card"
            href="/quiz-list"
            style="text-decoration: none;"
          >
            <div
              style="display: flex; align-items: center; gap: 8px; margin-bottom: 8px;"
            >
              <span
                style="font-size: 1.5rem;"
              >
                📋
              </span>
              <h3
                class="section-title"
                style="margin: 0px;"
              >
                Quiz List
              </h3>
            </div>
            <p
              style="color: rgb(100, 116, 139); font-size: 14px;"
            >
              Manage quizzes and results
            </p>
          </a>
        </div>
        <div
          class="col-span-3"
        >
          <a
            aria-label="Settings. Configure system settings"
            class="card"
            href="/settings"
            style="text-decoration: none;"
          >
            <div
              style="display: flex; align-items: center; gap: 8px; margin-bottom: 8px;"
            >
              <span
                style="font-size: 1.5rem;"
              >
                ⚙️
              </span>
              <h3
                class="section-title"
                style="margin: 0px;"
              >
                Settings
              </h3>
            </div>
            <p
              style="color: rgb(100, 116, 139); font-size: 14px;"
            >
              Configure system settings
            </p>
          </a>
        </div>
      </div>
    </div>
    <div
      aria-label="Admin Controls Panel"
      class="card mb-24"
    >
      <h2
        class="section-title"
        style="color: rgb(220, 38, 38); margin-bottom: 16px;"
      >
        🔒 Admin Controls
      </h2>
      <div
        class="grid-12 mb-16"
      >
        <div
          class="col-span-4"
        >
          <a
            aria-label="Admin Panel. System administration"
            class="card"
            href="/admin"
            style="text-decoration: none;"
          >
            <div
              style="display: flex; align-items: center; gap: 8px; margin-bottom: 8px;"
            >
              <span
                style="font-size: 1.5rem;"
              >
                ⚡
              </span>
              <h3
                class="section-title"
                style="margin: 0px;"
              >
                Admin Panel
              </h3>
            </div>
            <p
              style="color: rgb(100, 116, 139); font-size: 14px;"
            >
              System administration
            </p>
          </a>
        </div>
        <div
          class="col-span-4"
        >
          <a
            aria-label="Build Quiz. Create and edit quizzes"
            class="card"
            href="/quiz-creator"
            style="text-decoration: none;"
          >
            <div
              style="display: flex; align-items: center; gap: 8px; margin-bottom: 8px;"
            >
              <span
                style="font-size: 1.5rem;"
              >
                🛠️
              </span>
              <h3
                class="section-title"
                style="margin: 0px;"
              >
                Build Quiz
              </h3>
            </div>
            <p
              style="color: rgb(100, 116, 139); font-size: 14px;"
            >
              Create and edit quizzes
            </p>
          </a>
        </div>
        <div
          class="col-span-4"
        >
          <a
            aria-label="App Settings. Manage global configuration"
            class="card"
            href="/settings"
            style="text-decoration: none;"
          >
            <div
              style="display: flex; align-items: center; gap: 8px; margin-bottom: 8px;"
            >
              <span
                style="font-size: 1.5rem;"
              >
                🧩
              </span>
              <h3
                class="section-title"
                style="margin: 0px;"
              >
                App Settings
              </h3>
            </div>
            <p
              style="color: rgb(100, 116, 139); font-size: 14px;"
            >
              Manage global configuration
            </p>
          </a>
        </div>
      </div>
      <div
        aria-label="Teams Management"
        class="card"
        role="region"
      >
        <h3
          class="section-title mb-16"
        >
          Teams
        </h3>
        <p
          style="color: rgb(100, 116, 139);"
        >
          No teams found
        </p>
      </div>
    </div>
  </div>
</DocumentFragment>
`;
